Exception in thread "main" java.lang.RuntimeException: Could not generate model 'content_source_facet'
        at org.openapitools.codegen.DefaultGenerator.generateModels(DefaultGenerator.java:544)
        at org.openapitools.codegen.DefaultGenerator.generate(DefaultGenerator.java:899)
        at org.openapitools.codegen.cmd.Generate.execute(Generate.java:441)
        at org.openapitools.codegen.cmd.OpenApiGeneratorCommand.run(OpenApiGeneratorCommand.java:32)
        at org.openapitools.codegen.OpenAPIGenerator.main(OpenAPIGenerator.java:66)
Caused by: java.lang.NullPointerException: Null context for variable '.' on line 14
        at com.samskivert.mustache.Template.getValueIn(Template.java:288)
        at com.samskivert.mustache.Template.getValue(Template.java:224)
        at com.samskivert.mustache.Template.getValueOrDefault(Template.java:279)
        at com.samskivert.mustache.Mustache$VariableSegment.execute(Mustache.java:802)
        at com.samskivert.mustache.Mustache$BlockSegment.executeSegs(Mustache.java:845)
        at com.samskivert.mustache.Mustache$SectionSegment.execute(Mustache.java:866)
        at com.samskivert.mustache.Mustache$BlockSegment.executeSegs(Mustache.java:845)
        at com.samskivert.mustache.Mustache$SectionSegment.execute(Mustache.java:881)
        at com.samskivert.mustache.Mustache$BlockSegment.executeSegs(Mustache.java:845)
        at com.samskivert.mustache.Mustache$SectionSegment.execute(Mustache.java:870)
        at com.samskivert.mustache.Mustache$BlockSegment.executeSegs(Mustache.java:845)
        at com.samskivert.mustache.Mustache$SectionSegment.execute(Mustache.java:866)
        at com.samskivert.mustache.Template.executeSegs(Template.java:157)
        at com.samskivert.mustache.Mustache$IncludedTemplateSegment.execute(Mustache.java:774)
        at com.samskivert.mustache.Mustache$BlockSegment.executeSegs(Mustache.java:845)
        at com.samskivert.mustache.Mustache$InvertedSegment.execute(Mustache.java:910)
        at com.samskivert.mustache.Mustache$BlockSegment.executeSegs(Mustache.java:845)
        at com.samskivert.mustache.Mustache$SectionSegment.execute(Mustache.java:881)
        at com.samskivert.mustache.Mustache$BlockSegment.executeSegs(Mustache.java:845)
        at com.samskivert.mustache.Mustache$SectionSegment.execute(Mustache.java:866)
        at com.samskivert.mustache.Template.executeSegs(Template.java:157)
        at com.samskivert.mustache.Template.execute(Template.java:134)
        at com.samskivert.mustache.Template.execute(Template.java:125)
        at org.openapitools.codegen.templating.MustacheEngineAdapter.compileTemplate(MustacheEngineAdapter.java:65)
        at org.openapitools.codegen.TemplateManager.write(TemplateManager.java:163)
        at org.openapitools.codegen.DefaultGenerator.processTemplateToFile(DefaultGenerator.java:1041)
        at org.openapitools.codegen.DefaultGenerator.generateModelDocumentation(DefaultGenerator.java:369)
        at org.openapitools.codegen.DefaultGenerator.generateModels(DefaultGenerator.java:541)
